------------------------------------------------------------
Timing Analyzer Summary
------------------------------------------------------------

Type  : Slow 1200mV 85C Model Setup 'sensa_boton:inst2|reloj'
Slack : -0.721
TNS   : -4.350

Type  : Slow 1200mV 85C Model Setup 'reloj'
Slack : 0.244
TNS   : 0.000

Type  : Slow 1200mV 85C Model Hold 'sensa_boton:inst2|reloj'
Slack : 0.359
TNS   : 0.000

Type  : Slow 1200mV 85C Model Hold 'reloj'
Slack : 0.373
TNS   : 0.000

Type  : Slow 1200mV 85C Model Minimum Pulse Width 'reloj'
Slack : -3.000
TNS   : -5.000

Type  : Slow 1200mV 85C Model Minimum Pulse Width 'sensa_boton:inst2|reloj'
Slack : -1.000
TNS   : -12.000

Type  : Slow 1200mV 0C Model Setup 'sensa_boton:inst2|reloj'
Slack : -0.531
TNS   : -2.991

Type  : Slow 1200mV 0C Model Setup 'reloj'
Slack : 0.330
TNS   : 0.000

Type  : Slow 1200mV 0C Model Hold 'sensa_boton:inst2|reloj'
Slack : 0.312
TNS   : 0.000

Type  : Slow 1200mV 0C Model Hold 'reloj'
Slack : 0.340
TNS   : 0.000

Type  : Slow 1200mV 0C Model Minimum Pulse Width 'reloj'
Slack : -3.000
TNS   : -5.000

Type  : Slow 1200mV 0C Model Minimum Pulse Width 'sensa_boton:inst2|reloj'
Slack : -1.000
TNS   : -12.000

Type  : Fast 1200mV 0C Model Setup 'sensa_boton:inst2|reloj'
Slack : 0.030
TNS   : 0.000

Type  : Fast 1200mV 0C Model Setup 'reloj'
Slack : 0.578
TNS   : 0.000

Type  : Fast 1200mV 0C Model Hold 'sensa_boton:inst2|reloj'
Slack : 0.189
TNS   : 0.000

Type  : Fast 1200mV 0C Model Hold 'reloj'
Slack : 0.193
TNS   : 0.000

Type  : Fast 1200mV 0C Model Minimum Pulse Width 'reloj'
Slack : -3.000
TNS   : -5.108

Type  : Fast 1200mV 0C Model Minimum Pulse Width 'sensa_boton:inst2|reloj'
Slack : -1.000
TNS   : -12.000

------------------------------------------------------------
