------------------------------------------------------------
Timing Analyzer Summary
------------------------------------------------------------

Type  : Slow 1200mV 85C Model Setup 'sensa_boton:inst2|reloj'
Slack : -1.328
TNS   : -4.737

Type  : Slow 1200mV 85C Model Setup 'clk'
Slack : 0.244
TNS   : 0.000

Type  : Slow 1200mV 85C Model Hold 'sensa_boton:inst2|reloj'
Slack : 0.343
TNS   : 0.000

Type  : Slow 1200mV 85C Model Hold 'clk'
Slack : 0.373
TNS   : 0.000

Type  : Slow 1200mV 85C Model Minimum Pulse Width 'clk'
Slack : -3.000
TNS   : -5.000

Type  : Slow 1200mV 85C Model Minimum Pulse Width 'sensa_boton:inst2|reloj'
Slack : -1.000
TNS   : -18.000

Type  : Slow 1200mV 0C Model Setup 'sensa_boton:inst2|reloj'
Slack : -1.074
TNS   : -3.803

Type  : Slow 1200mV 0C Model Setup 'clk'
Slack : 0.330
TNS   : 0.000

Type  : Slow 1200mV 0C Model Hold 'sensa_boton:inst2|reloj'
Slack : 0.299
TNS   : 0.000

Type  : Slow 1200mV 0C Model Hold 'clk'
Slack : 0.340
TNS   : 0.000

Type  : Slow 1200mV 0C Model Minimum Pulse Width 'clk'
Slack : -3.000
TNS   : -5.000

Type  : Slow 1200mV 0C Model Minimum Pulse Width 'sensa_boton:inst2|reloj'
Slack : -1.000
TNS   : -18.000

Type  : Fast 1200mV 0C Model Setup 'sensa_boton:inst2|reloj'
Slack : -0.304
TNS   : -0.886

Type  : Fast 1200mV 0C Model Setup 'clk'
Slack : 0.577
TNS   : 0.000

Type  : Fast 1200mV 0C Model Hold 'sensa_boton:inst2|reloj'
Slack : 0.179
TNS   : 0.000

Type  : Fast 1200mV 0C Model Hold 'clk'
Slack : 0.193
TNS   : 0.000

Type  : Fast 1200mV 0C Model Minimum Pulse Width 'clk'
Slack : -3.000
TNS   : -5.108

Type  : Fast 1200mV 0C Model Minimum Pulse Width 'sensa_boton:inst2|reloj'
Slack : -1.000
TNS   : -18.000

------------------------------------------------------------
