Analysis & Synthesis report for Practica6
Wed Nov  6 10:49:23 2019
Quartus Prime Version 18.1.0 Build 625 09/12/2018 SJ Lite Edition


---------------------
; Table of Contents ;
---------------------
  1. Legal Notice
  2. Analysis & Synthesis Summary
  3. Analysis & Synthesis Settings
  4. Parallel Compilation
  5. Analysis & Synthesis Source Files Read
  6. Analysis & Synthesis Resource Usage Summary
  7. Analysis & Synthesis Resource Utilization by Entity
  8. Analysis & Synthesis DSP Block Usage Summary
  9. Registers Removed During Synthesis
 10. General Register Statistics
 11. Inverted Register Statistics
 12. Multiplexer Restructuring Statistics (Restructuring Performed)
 13. Parameter Settings for Inferred Entity Instance: micro68HC11:inst|lpm_mult:Mult0
 14. lpm_mult Parameter Settings by Entity Instance
 15. Post-Synthesis Netlist Statistics for Top Partition
 16. Elapsed Time Per Partition
 17. Analysis & Synthesis Messages



----------------
; Legal Notice ;
----------------
Copyright (C) 2018  Intel Corporation. All rights reserved.
Your use of Intel Corporation's design tools, logic functions 
and other software and tools, and its AMPP partner logic 
functions, and any output files from any of the foregoing 
(including device programming or simulation files), and any 
associated documentation or information are expressly subject 
to the terms and conditions of the Intel Program License 
Subscription Agreement, the Intel Quartus Prime License Agreement,
the Intel FPGA IP License Agreement, or other applicable license
agreement, including, without limitation, that your use is for
the sole purpose of programming logic devices manufactured by
Intel and sold by Intel or its authorized distributors.  Please
refer to the applicable agreement for further details.



+----------------------------------------------------------------------------------+
; Analysis & Synthesis Summary                                                     ;
+------------------------------------+---------------------------------------------+
; Analysis & Synthesis Status        ; Successful - Wed Nov  6 10:49:23 2019       ;
; Quartus Prime Version              ; 18.1.0 Build 625 09/12/2018 SJ Lite Edition ;
; Revision Name                      ; Practica6                                   ;
; Top-level Entity Name              ; Practica6                                   ;
; Family                             ; Cyclone IV E                                ;
; Total logic elements               ; 2,066                                       ;
;     Total combinational functions  ; 1,468                                       ;
;     Dedicated logic registers      ; 842                                         ;
; Total registers                    ; 842                                         ;
; Total pins                         ; 16                                          ;
; Total virtual pins                 ; 0                                           ;
; Total memory bits                  ; 0                                           ;
; Embedded Multiplier 9-bit elements ; 1                                           ;
; Total PLLs                         ; 0                                           ;
+------------------------------------+---------------------------------------------+


+------------------------------------------------------------------------------------------------------------+
; Analysis & Synthesis Settings                                                                              ;
+------------------------------------------------------------------+--------------------+--------------------+
; Option                                                           ; Setting            ; Default Value      ;
+------------------------------------------------------------------+--------------------+--------------------+
; Device                                                           ; EP4CE22F17C6       ;                    ;
; Top-level entity name                                            ; Practica6          ; Practica6          ;
; Family name                                                      ; Cyclone IV E       ; Cyclone V          ;
; Use smart compilation                                            ; Off                ; Off                ;
; Enable parallel Assembler and Timing Analyzer during compilation ; On                 ; On                 ;
; Enable compact report table                                      ; Off                ; Off                ;
; Restructure Multiplexers                                         ; Auto               ; Auto               ;
; Create Debugging Nodes for IP Cores                              ; Off                ; Off                ;
; Preserve fewer node names                                        ; On                 ; On                 ;
; Intel FPGA IP Evaluation Mode                                    ; Enable             ; Enable             ;
; Verilog Version                                                  ; Verilog_2001       ; Verilog_2001       ;
; VHDL Version                                                     ; VHDL_1993          ; VHDL_1993          ;
; State Machine Processing                                         ; Auto               ; Auto               ;
; Safe State Machine                                               ; Off                ; Off                ;
; Extract Verilog State Machines                                   ; On                 ; On                 ;
; Extract VHDL State Machines                                      ; On                 ; On                 ;
; Ignore Verilog initial constructs                                ; Off                ; Off                ;
; Iteration limit for constant Verilog loops                       ; 5000               ; 5000               ;
; Iteration limit for non-constant Verilog loops                   ; 250                ; 250                ;
; Add Pass-Through Logic to Inferred RAMs                          ; On                 ; On                 ;
; Infer RAMs from Raw Logic                                        ; On                 ; On                 ;
; Parallel Synthesis                                               ; On                 ; On                 ;
; DSP Block Balancing                                              ; Auto               ; Auto               ;
; NOT Gate Push-Back                                               ; On                 ; On                 ;
; Power-Up Don't Care                                              ; On                 ; On                 ;
; Remove Redundant Logic Cells                                     ; Off                ; Off                ;
; Remove Duplicate Registers                                       ; On                 ; On                 ;
; Ignore CARRY Buffers                                             ; Off                ; Off                ;
; Ignore CASCADE Buffers                                           ; Off                ; Off                ;
; Ignore GLOBAL Buffers                                            ; Off                ; Off                ;
; Ignore ROW GLOBAL Buffers                                        ; Off                ; Off                ;
; Ignore LCELL Buffers                                             ; Off                ; Off                ;
; Ignore SOFT Buffers                                              ; On                 ; On                 ;
; Limit AHDL Integers to 32 Bits                                   ; Off                ; Off                ;
; Optimization Technique                                           ; Balanced           ; Balanced           ;
; Carry Chain Length                                               ; 70                 ; 70                 ;
; Auto Carry Chains                                                ; On                 ; On                 ;
; Auto Open-Drain Pins                                             ; On                 ; On                 ;
; Perform WYSIWYG Primitive Resynthesis                            ; Off                ; Off                ;
; Auto ROM Replacement                                             ; On                 ; On                 ;
; Auto RAM Replacement                                             ; On                 ; On                 ;
; Auto DSP Block Replacement                                       ; On                 ; On                 ;
; Auto Shift Register Replacement                                  ; Auto               ; Auto               ;
; Allow Shift Register Merging across Hierarchies                  ; Auto               ; Auto               ;
; Auto Clock Enable Replacement                                    ; On                 ; On                 ;
; Strict RAM Replacement                                           ; Off                ; Off                ;
; Allow Synchronous Control Signals                                ; On                 ; On                 ;
; Force Use of Synchronous Clear Signals                           ; Off                ; Off                ;
; Auto RAM Block Balancing                                         ; On                 ; On                 ;
; Auto RAM to Logic Cell Conversion                                ; Off                ; Off                ;
; Auto Resource Sharing                                            ; Off                ; Off                ;
; Allow Any RAM Size For Recognition                               ; Off                ; Off                ;
; Allow Any ROM Size For Recognition                               ; Off                ; Off                ;
; Allow Any Shift Register Size For Recognition                    ; Off                ; Off                ;
; Use LogicLock Constraints during Resource Balancing              ; On                 ; On                 ;
; Ignore translate_off and synthesis_off directives                ; Off                ; Off                ;
; Timing-Driven Synthesis                                          ; On                 ; On                 ;
; Report Parameter Settings                                        ; On                 ; On                 ;
; Report Source Assignments                                        ; On                 ; On                 ;
; Report Connectivity Checks                                       ; On                 ; On                 ;
; Ignore Maximum Fan-Out Assignments                               ; Off                ; Off                ;
; Synchronization Register Chain Length                            ; 2                  ; 2                  ;
; Power Optimization During Synthesis                              ; Normal compilation ; Normal compilation ;
; HDL message level                                                ; Level2             ; Level2             ;
; Suppress Register Optimization Related Messages                  ; Off                ; Off                ;
; Number of Removed Registers Reported in Synthesis Report         ; 5000               ; 5000               ;
; Number of Swept Nodes Reported in Synthesis Report               ; 5000               ; 5000               ;
; Number of Inverted Registers Reported in Synthesis Report        ; 100                ; 100                ;
; Clock MUX Protection                                             ; On                 ; On                 ;
; Auto Gated Clock Conversion                                      ; Off                ; Off                ;
; Block Design Naming                                              ; Auto               ; Auto               ;
; SDC constraint protection                                        ; Off                ; Off                ;
; Synthesis Effort                                                 ; Auto               ; Auto               ;
; Shift Register Replacement - Allow Asynchronous Clear Signal     ; On                 ; On                 ;
; Pre-Mapping Resynthesis Optimization                             ; Off                ; Off                ;
; Analysis & Synthesis Message Level                               ; Medium             ; Medium             ;
; Disable Register Merging Across Hierarchies                      ; Auto               ; Auto               ;
; Resource Aware Inference For Block RAM                           ; On                 ; On                 ;
+------------------------------------------------------------------+--------------------+--------------------+


+------------------------------------------+
; Parallel Compilation                     ;
+----------------------------+-------------+
; Processors                 ; Number      ;
+----------------------------+-------------+
; Number detected on machine ; 8           ;
; Maximum allowed            ; 4           ;
;                            ;             ;
; Average used               ; 1.00        ;
; Maximum used               ; 4           ;
;                            ;             ;
; Usage by Processor         ; % Time Used ;
;     Processor 1            ; 100.0%      ;
;     Processor 2            ;   0.1%      ;
;     Processor 3            ;   0.0%      ;
;     Processor 4            ;   0.0%      ;
+----------------------------+-------------+


+----------------------------------------------------------------------------------------------------------------------------------------------------------------------------------------+
; Analysis & Synthesis Source Files Read                                                                                                                                                 ;
+----------------------------------+-----------------+------------------------------------+------------------------------------------------------------------------------------+---------+
; File Name with User-Entered Path ; Used in Netlist ; File Type                          ; File Name with Absolute Path                                                       ; Library ;
+----------------------------------+-----------------+------------------------------------+------------------------------------------------------------------------------------+---------+
; Practica6.bdf                    ; yes             ; User Block Diagram/Schematic File  ; /home/sirivasv/Documents/MCC/MCC-AC/Practica6/Practica6.bdf                        ;         ;
; sensa_boton.vhd                  ; yes             ; User VHDL File                     ; /home/sirivasv/Documents/MCC/MCC-AC/Practica6/sensa_boton.vhd                      ;         ;
; micro68HC11.vhd                  ; yes             ; User VHDL File                     ; /home/sirivasv/Documents/MCC/MCC-AC/Practica6/micro68HC11.vhd                      ;         ;
; memoria.vhd                      ; yes             ; User VHDL File                     ; /home/sirivasv/Documents/MCC/MCC-AC/Practica6/memoria.vhd                          ;         ;
; mux3x1.vhd                       ; yes             ; User VHDL File                     ; /home/sirivasv/Documents/MCC/MCC-AC/Practica6/mux3x1.vhd                           ;         ;
; lpm_mult.tdf                     ; yes             ; Megafunction                       ; /home/sirivasv/intelFPGA_lite/18.1/quartus/libraries/megafunctions/lpm_mult.tdf    ;         ;
; aglobal181.inc                   ; yes             ; Megafunction                       ; /home/sirivasv/intelFPGA_lite/18.1/quartus/libraries/megafunctions/aglobal181.inc  ;         ;
; lpm_add_sub.inc                  ; yes             ; Megafunction                       ; /home/sirivasv/intelFPGA_lite/18.1/quartus/libraries/megafunctions/lpm_add_sub.inc ;         ;
; multcore.inc                     ; yes             ; Megafunction                       ; /home/sirivasv/intelFPGA_lite/18.1/quartus/libraries/megafunctions/multcore.inc    ;         ;
; bypassff.inc                     ; yes             ; Megafunction                       ; /home/sirivasv/intelFPGA_lite/18.1/quartus/libraries/megafunctions/bypassff.inc    ;         ;
; altshift.inc                     ; yes             ; Megafunction                       ; /home/sirivasv/intelFPGA_lite/18.1/quartus/libraries/megafunctions/altshift.inc    ;         ;
; db/mult_aat.tdf                  ; yes             ; Auto-Generated Megafunction        ; /home/sirivasv/Documents/MCC/MCC-AC/Practica6/db/mult_aat.tdf                      ;         ;
+----------------------------------+-----------------+------------------------------------+------------------------------------------------------------------------------------+---------+


+-----------------------------------------------------------------------+
; Analysis & Synthesis Resource Usage Summary                           ;
+---------------------------------------------+-------------------------+
; Resource                                    ; Usage                   ;
+---------------------------------------------+-------------------------+
; Estimated Total logic elements              ; 2,066                   ;
;                                             ;                         ;
; Total combinational functions               ; 1468                    ;
; Logic element usage by number of LUT inputs ;                         ;
;     -- 4 input functions                    ; 973                     ;
;     -- 3 input functions                    ; 201                     ;
;     -- <=2 input functions                  ; 294                     ;
;                                             ;                         ;
; Logic elements by mode                      ;                         ;
;     -- normal mode                          ; 1365                    ;
;     -- arithmetic mode                      ; 103                     ;
;                                             ;                         ;
; Total registers                             ; 842                     ;
;     -- Dedicated logic registers            ; 842                     ;
;     -- I/O registers                        ; 0                       ;
;                                             ;                         ;
; I/O pins                                    ; 16                      ;
;                                             ;                         ;
; Embedded Multiplier 9-bit elements          ; 1                       ;
;                                             ;                         ;
; Maximum fan-out node                        ; sensa_boton:inst1|reloj ;
; Maximum fan-out                             ; 840                     ;
; Total fan-out                               ; 8284                    ;
; Average fan-out                             ; 3.53                    ;
+---------------------------------------------+-------------------------+


+-----------------------------------------------------------------------------------------------------------------------------------------------------------------------------------------------------------------------------------------------------------------+
; Analysis & Synthesis Resource Utilization by Entity                                                                                                                                                                                                             ;
+------------------------------------+---------------------+---------------------------+-------------+--------------+---------+-----------+------+--------------+--------------------------------------------------------------------+-------------+--------------+
; Compilation Hierarchy Node         ; Combinational ALUTs ; Dedicated Logic Registers ; Memory Bits ; DSP Elements ; DSP 9x9 ; DSP 18x18 ; Pins ; Virtual Pins ; Full Hierarchy Name                                                ; Entity Name ; Library Name ;
+------------------------------------+---------------------+---------------------------+-------------+--------------+---------+-----------+------+--------------+--------------------------------------------------------------------+-------------+--------------+
; |Practica6                         ; 1468 (0)            ; 842 (0)                   ; 0           ; 1            ; 1       ; 0         ; 16   ; 0            ; |Practica6                                                         ; Practica6   ; work         ;
;    |memoria:inst2|                 ; 783 (783)           ; 672 (672)                 ; 0           ; 0            ; 0       ; 0         ; 0    ; 0            ; |Practica6|memoria:inst2                                           ; memoria     ; work         ;
;    |micro68HC11:inst|              ; 644 (644)           ; 168 (168)                 ; 0           ; 1            ; 1       ; 0         ; 0    ; 0            ; |Practica6|micro68HC11:inst                                        ; micro68HC11 ; work         ;
;       |lpm_mult:Mult0|             ; 0 (0)               ; 0 (0)                     ; 0           ; 1            ; 1       ; 0         ; 0    ; 0            ; |Practica6|micro68HC11:inst|lpm_mult:Mult0                         ; lpm_mult    ; work         ;
;          |mult_aat:auto_generated| ; 0 (0)               ; 0 (0)                     ; 0           ; 1            ; 1       ; 0         ; 0    ; 0            ; |Practica6|micro68HC11:inst|lpm_mult:Mult0|mult_aat:auto_generated ; mult_aat    ; work         ;
;    |mux3x1:inst5|                  ; 40 (40)             ; 0 (0)                     ; 0           ; 0            ; 0       ; 0         ; 0    ; 0            ; |Practica6|mux3x1:inst5                                            ; mux3x1      ; work         ;
;    |sensa_boton:inst1|             ; 1 (1)               ; 2 (2)                     ; 0           ; 0            ; 0       ; 0         ; 0    ; 0            ; |Practica6|sensa_boton:inst1                                       ; sensa_boton ; work         ;
+------------------------------------+---------------------+---------------------------+-------------+--------------+---------+-----------+------+--------------+--------------------------------------------------------------------+-------------+--------------+
Note: For table entries with two numbers listed, the numbers in parentheses indicate the number of resources of the given type used by the specific entity alone. The numbers listed outside of parentheses indicate the total resources of the given type used by the specific entity and all of its sub-entities in the hierarchy.


+-----------------------------------------------------+
; Analysis & Synthesis DSP Block Usage Summary        ;
+---------------------------------------+-------------+
; Statistic                             ; Number Used ;
+---------------------------------------+-------------+
; Simple Multipliers (9-bit)            ; 1           ;
; Simple Multipliers (18-bit)           ; 0           ;
; Embedded Multiplier Blocks            ; --          ;
; Embedded Multiplier 9-bit elements    ; 1           ;
; Signed Embedded Multipliers           ; 0           ;
; Unsigned Embedded Multipliers         ; 1           ;
; Mixed Sign Embedded Multipliers       ; 0           ;
; Variable Sign Embedded Multipliers    ; 0           ;
; Dedicated Input Shift Register Chains ; 0           ;
+---------------------------------------+-------------+
Note: number of Embedded Multiplier Blocks used is only available after a successful fit.


+--------------------------------------------------------------------------------+
; Registers Removed During Synthesis                                             ;
+---------------------------------------+----------------------------------------+
; Register name                         ; Reason for Removal                     ;
+---------------------------------------+----------------------------------------+
; micro68HC11:inst|XIRQ                 ; Stuck at GND due to stuck port data_in ;
; Total Number of Removed Registers = 1 ;                                        ;
+---------------------------------------+----------------------------------------+


+------------------------------------------------------+
; General Register Statistics                          ;
+----------------------------------------------+-------+
; Statistic                                    ; Value ;
+----------------------------------------------+-------+
; Total registers                              ; 842   ;
; Number of registers using Synchronous Clear  ; 0     ;
; Number of registers using Synchronous Load   ; 16    ;
; Number of registers using Asynchronous Clear ; 773   ;
; Number of registers using Asynchronous Load  ; 0     ;
; Number of registers using Clock Enable       ; 824   ;
; Number of registers using Preset             ; 0     ;
+----------------------------------------------+-------+


+-----------------------------------------------------+
; Inverted Register Statistics                        ;
+-------------------------------------------+---------+
; Inverted Register                         ; Fan out ;
+-------------------------------------------+---------+
; micro68HC11:inst|AP[4]                    ; 3       ;
; micro68HC11:inst|AP[15]                   ; 3       ;
; micro68HC11:inst|AP[14]                   ; 3       ;
; micro68HC11:inst|AP[13]                   ; 3       ;
; micro68HC11:inst|AP[12]                   ; 3       ;
; micro68HC11:inst|AP[11]                   ; 3       ;
; micro68HC11:inst|AP[10]                   ; 3       ;
; micro68HC11:inst|AP[9]                    ; 3       ;
; micro68HC11:inst|AP[8]                    ; 3       ;
; micro68HC11:inst|AP[7]                    ; 3       ;
; micro68HC11:inst|AP[6]                    ; 3       ;
; micro68HC11:inst|AP[5]                    ; 3       ;
; micro68HC11:inst|AP[1]                    ; 3       ;
; micro68HC11:inst|AP[3]                    ; 3       ;
; micro68HC11:inst|AP[0]                    ; 3       ;
; micro68HC11:inst|AP[2]                    ; 3       ;
; micro68HC11:inst|PC[6]                    ; 7       ;
; micro68HC11:inst|PC[2]                    ; 7       ;
; micro68HC11:inst|estados[2]               ; 4       ;
; micro68HC11:inst|nRW                      ; 92      ;
; memoria:inst2|Dir_0076[7]                 ; 1       ;
; memoria:inst2|Dir_0046[7]                 ; 1       ;
; memoria:inst2|Dir_0045[7]                 ; 1       ;
; memoria:inst2|Dir_0044[7]                 ; 1       ;
; memoria:inst2|Dir_007F[7]                 ; 1       ;
; memoria:inst2|Dir_007C[7]                 ; 1       ;
; memoria:inst2|Dir_0079[7]                 ; 1       ;
; memoria:inst2|Dir_005B[7]                 ; 1       ;
; memoria:inst2|Dir_0059[7]                 ; 1       ;
; memoria:inst2|Dir_0056[7]                 ; 1       ;
; memoria:inst2|Dir_0054[7]                 ; 1       ;
; memoria:inst2|Dir_0052[7]                 ; 1       ;
; memoria:inst2|Dir_004E[7]                 ; 1       ;
; memoria:inst2|Dir_0073[7]                 ; 1       ;
; memoria:inst2|Dir_0070[7]                 ; 1       ;
; memoria:inst2|Dir_0048[7]                 ; 1       ;
; memoria:inst2|Dir_0060[7]                 ; 1       ;
; memoria:inst2|Dir_0046[6]                 ; 1       ;
; memoria:inst2|Dir_0045[6]                 ; 1       ;
; memoria:inst2|Dir_007F[6]                 ; 1       ;
; memoria:inst2|Dir_007C[6]                 ; 1       ;
; memoria:inst2|Dir_0079[6]                 ; 1       ;
; memoria:inst2|Dir_005E[6]                 ; 1       ;
; memoria:inst2|Dir_005D[6]                 ; 1       ;
; memoria:inst2|Dir_005B[6]                 ; 1       ;
; memoria:inst2|Dir_0056[6]                 ; 1       ;
; memoria:inst2|Dir_0052[6]                 ; 1       ;
; memoria:inst2|Dir_0070[6]                 ; 1       ;
; memoria:inst2|Dir_0048[6]                 ; 1       ;
; memoria:inst2|Dir_0060[6]                 ; 1       ;
; memoria:inst2|Dir_0076[5]                 ; 1       ;
; memoria:inst2|Dir_0075[5]                 ; 1       ;
; memoria:inst2|Dir_0045[5]                 ; 1       ;
; memoria:inst2|Dir_007F[5]                 ; 1       ;
; memoria:inst2|Dir_007E[5]                 ; 1       ;
; memoria:inst2|Dir_007C[5]                 ; 1       ;
; memoria:inst2|Dir_007B[5]                 ; 1       ;
; memoria:inst2|Dir_0078[5]                 ; 1       ;
; memoria:inst2|Dir_005B[5]                 ; 1       ;
; memoria:inst2|Dir_0059[5]                 ; 1       ;
; memoria:inst2|Dir_0058[5]                 ; 1       ;
; memoria:inst2|Dir_0052[5]                 ; 1       ;
; memoria:inst2|Dir_0050[5]                 ; 1       ;
; memoria:inst2|Dir_004E[5]                 ; 1       ;
; memoria:inst2|Dir_004C[5]                 ; 1       ;
; memoria:inst2|Dir_0081[5]                 ; 1       ;
; memoria:inst2|Dir_0073[5]                 ; 1       ;
; memoria:inst2|Dir_0072[5]                 ; 1       ;
; memoria:inst2|Dir_0060[5]                 ; 1       ;
; memoria:inst2|Dir_0075[4]                 ; 1       ;
; memoria:inst2|Dir_0045[4]                 ; 1       ;
; memoria:inst2|Dir_007C[4]                 ; 1       ;
; memoria:inst2|Dir_007B[4]                 ; 1       ;
; memoria:inst2|Dir_0078[4]                 ; 1       ;
; memoria:inst2|Dir_005E[4]                 ; 1       ;
; memoria:inst2|Dir_0058[4]                 ; 1       ;
; memoria:inst2|Dir_0081[4]                 ; 1       ;
; memoria:inst2|Dir_004B[4]                 ; 1       ;
; memoria:inst2|Dir_0073[4]                 ; 1       ;
; memoria:inst2|Dir_004A[4]                 ; 1       ;
; memoria:inst2|Dir_0060[4]                 ; 1       ;
; memoria:inst2|Dir_0045[3]                 ; 1       ;
; memoria:inst2|Dir_0079[3]                 ; 1       ;
; memoria:inst2|Dir_0078[3]                 ; 1       ;
; memoria:inst2|Dir_005E[3]                 ; 1       ;
; memoria:inst2|Dir_005D[3]                 ; 1       ;
; memoria:inst2|Dir_0058[3]                 ; 1       ;
; memoria:inst2|Dir_0081[3]                 ; 1       ;
; memoria:inst2|Dir_004B[3]                 ; 1       ;
; memoria:inst2|Dir_0070[3]                 ; 1       ;
; memoria:inst2|Dir_0048[3]                 ; 1       ;
; memoria:inst2|Dir_0060[3]                 ; 1       ;
; memoria:inst2|Dir_0076[2]                 ; 1       ;
; memoria:inst2|Dir_0046[2]                 ; 1       ;
; memoria:inst2|Dir_0045[2]                 ; 1       ;
; memoria:inst2|Dir_0044[2]                 ; 1       ;
; memoria:inst2|Dir_007F[2]                 ; 1       ;
; memoria:inst2|Dir_007C[2]                 ; 1       ;
; memoria:inst2|Dir_0079[2]                 ; 1       ;
; memoria:inst2|Dir_005E[2]                 ; 1       ;
; Total number of inverted registers = 182* ;         ;
+-------------------------------------------+---------+
* Table truncated at 100 items. To change the number of inverted registers reported, set the "Number of Inverted Registers Reported" option under Assignments->Settings->Analysis and Synthesis Settings->More Settings


+-------------------------------------------------------------------------------------------------------------------------------------------------------+
; Multiplexer Restructuring Statistics (Restructuring Performed)                                                                                        ;
+--------------------+-----------+---------------+----------------------+------------------------+------------+-----------------------------------------+
; Multiplexer Inputs ; Bus Width ; Baseline Area ; Area if Restructured ; Saving if Restructured ; Registered ; Example Multiplexer Output              ;
+--------------------+-----------+---------------+----------------------+------------------------+------------+-----------------------------------------+
; 10:1               ; 8 bits    ; 48 LEs        ; 48 LEs               ; 0 LEs                  ; Yes        ; |Practica6|micro68HC11:inst|Data_out[0] ;
; 19:1               ; 10 bits   ; 120 LEs       ; 30 LEs               ; 90 LEs                 ; Yes        ; |Practica6|micro68HC11:inst|PC[12]      ;
; 20:1               ; 2 bits    ; 26 LEs        ; 8 LEs                ; 18 LEs                 ; Yes        ; |Practica6|micro68HC11:inst|PC[3]       ;
; 20:1               ; 2 bits    ; 26 LEs        ; 6 LEs                ; 20 LEs                 ; Yes        ; |Practica6|micro68HC11:inst|PC[4]       ;
; 8:1                ; 16 bits   ; 80 LEs        ; 32 LEs               ; 48 LEs                 ; Yes        ; |Practica6|micro68HC11:inst|Dir[10]     ;
; 85:1               ; 8 bits    ; 448 LEs       ; 448 LEs              ; 0 LEs                  ; Yes        ; |Practica6|memoria:inst2|Data_out[0]    ;
; 4:1                ; 8 bits    ; 16 LEs        ; 16 LEs               ; 0 LEs                  ; Yes        ; |Practica6|micro68HC11:inst|B[0]        ;
; 5:1                ; 8 bits    ; 24 LEs        ; 16 LEs               ; 8 LEs                  ; Yes        ; |Practica6|micro68HC11:inst|A[0]        ;
; 29:1               ; 16 bits   ; 304 LEs       ; 32 LEs               ; 272 LEs                ; Yes        ; |Practica6|micro68HC11:inst|AP[10]      ;
; 8:1                ; 8 bits    ; 40 LEs        ; 40 LEs               ; 0 LEs                  ; No         ; |Practica6|mux3x1:inst5|Mux0            ;
+--------------------+-----------+---------------+----------------------+------------------------+------------+-----------------------------------------+


+-------------------------------------------------------------------------------------+
; Parameter Settings for Inferred Entity Instance: micro68HC11:inst|lpm_mult:Mult0    ;
+------------------------------------------------+--------------+---------------------+
; Parameter Name                                 ; Value        ; Type                ;
+------------------------------------------------+--------------+---------------------+
; AUTO_CARRY_CHAINS                              ; ON           ; AUTO_CARRY          ;
; IGNORE_CARRY_BUFFERS                           ; OFF          ; IGNORE_CARRY        ;
; AUTO_CASCADE_CHAINS                            ; ON           ; AUTO_CASCADE        ;
; IGNORE_CASCADE_BUFFERS                         ; OFF          ; IGNORE_CASCADE      ;
; LPM_WIDTHA                                     ; 8            ; Untyped             ;
; LPM_WIDTHB                                     ; 8            ; Untyped             ;
; LPM_WIDTHP                                     ; 16           ; Untyped             ;
; LPM_WIDTHR                                     ; 16           ; Untyped             ;
; LPM_WIDTHS                                     ; 1            ; Untyped             ;
; LPM_REPRESENTATION                             ; UNSIGNED     ; Untyped             ;
; LPM_PIPELINE                                   ; 0            ; Untyped             ;
; LATENCY                                        ; 0            ; Untyped             ;
; INPUT_A_IS_CONSTANT                            ; NO           ; Untyped             ;
; INPUT_B_IS_CONSTANT                            ; NO           ; Untyped             ;
; USE_EAB                                        ; OFF          ; Untyped             ;
; MAXIMIZE_SPEED                                 ; 5            ; Untyped             ;
; DEVICE_FAMILY                                  ; Cyclone IV E ; Untyped             ;
; CARRY_CHAIN                                    ; MANUAL       ; Untyped             ;
; APEX20K_TECHNOLOGY_MAPPER                      ; LUT          ; TECH_MAPPER_APEX20K ;
; DEDICATED_MULTIPLIER_CIRCUITRY                 ; AUTO         ; Untyped             ;
; DEDICATED_MULTIPLIER_MIN_INPUT_WIDTH_FOR_AUTO  ; 0            ; Untyped             ;
; DEDICATED_MULTIPLIER_MIN_OUTPUT_WIDTH_FOR_AUTO ; 0            ; Untyped             ;
; CBXI_PARAMETER                                 ; mult_aat     ; Untyped             ;
; INPUT_A_FIXED_VALUE                            ; Bx           ; Untyped             ;
; INPUT_B_FIXED_VALUE                            ; Bx           ; Untyped             ;
; USE_AHDL_IMPLEMENTATION                        ; OFF          ; Untyped             ;
+------------------------------------------------+--------------+---------------------+
Note: In order to hide this table in the UI and the text report file, please set the "Show Parameter Settings in Synthesis Report" option in "Analysis and Synthesis Settings -> More Settings" to "Off".


+-------------------------------------------------------------------------+
; lpm_mult Parameter Settings by Entity Instance                          ;
+---------------------------------------+---------------------------------+
; Name                                  ; Value                           ;
+---------------------------------------+---------------------------------+
; Number of entity instances            ; 1                               ;
; Entity Instance                       ; micro68HC11:inst|lpm_mult:Mult0 ;
;     -- LPM_WIDTHA                     ; 8                               ;
;     -- LPM_WIDTHB                     ; 8                               ;
;     -- LPM_WIDTHP                     ; 16                              ;
;     -- LPM_REPRESENTATION             ; UNSIGNED                        ;
;     -- INPUT_A_IS_CONSTANT            ; NO                              ;
;     -- INPUT_B_IS_CONSTANT            ; NO                              ;
;     -- USE_EAB                        ; OFF                             ;
;     -- DEDICATED_MULTIPLIER_CIRCUITRY ; AUTO                            ;
;     -- INPUT_A_FIXED_VALUE            ; Bx                              ;
;     -- INPUT_B_FIXED_VALUE            ; Bx                              ;
+---------------------------------------+---------------------------------+


+-----------------------------------------------------+
; Post-Synthesis Netlist Statistics for Top Partition ;
+-----------------------+-----------------------------+
; Type                  ; Count                       ;
+-----------------------+-----------------------------+
; boundary_port         ; 16                          ;
; cycloneiii_ff         ; 842                         ;
;     CLR               ; 15                          ;
;     ENA               ; 66                          ;
;     ENA CLR           ; 742                         ;
;     ENA CLR SLD       ; 16                          ;
;     plain             ; 3                           ;
; cycloneiii_lcell_comb ; 1468                        ;
;     arith             ; 103                         ;
;         1 data inputs ; 1                           ;
;         2 data inputs ; 55                          ;
;         3 data inputs ; 47                          ;
;     normal            ; 1365                        ;
;         0 data inputs ; 2                           ;
;         1 data inputs ; 149                         ;
;         2 data inputs ; 87                          ;
;         3 data inputs ; 154                         ;
;         4 data inputs ; 973                         ;
; cycloneiii_mac_mult   ; 1                           ;
; cycloneiii_mac_out    ; 1                           ;
;                       ;                             ;
; Max LUT depth         ; 11.00                       ;
; Average LUT depth     ; 5.50                        ;
+-----------------------+-----------------------------+


+-------------------------------+
; Elapsed Time Per Partition    ;
+----------------+--------------+
; Partition Name ; Elapsed Time ;
+----------------+--------------+
; Top            ; 00:00:03     ;
+----------------+--------------+


+-------------------------------+
; Analysis & Synthesis Messages ;
+-------------------------------+
Info: *******************************************************************
Info: Running Quartus Prime Analysis & Synthesis
    Info: Version 18.1.0 Build 625 09/12/2018 SJ Lite Edition
    Info: Processing started: Wed Nov  6 10:49:12 2019
Info: Command: quartus_map --read_settings_files=on --write_settings_files=off Practica6 -c Practica6
Warning (18236): Number of processors has not been specified which may cause overloading on shared machines.  Set the global assignment NUM_PARALLEL_PROCESSORS in your QSF to an appropriate value for best performance.
Info (20030): Parallel compilation is enabled and will use 4 of the 4 processors detected
Info (12021): Found 1 design units, including 1 entities, in source file Practica6.bdf
    Info (12023): Found entity 1: Practica6
Info (12021): Found 2 design units, including 1 entities, in source file divider.vhd
    Info (12022): Found design unit 1: divider-Behavioral File: /home/sirivasv/Documents/MCC/MCC-AC/Practica6/divider.vhd Line: 11
    Info (12023): Found entity 1: divider File: /home/sirivasv/Documents/MCC/MCC-AC/Practica6/divider.vhd Line: 6
Info (12021): Found 2 design units, including 1 entities, in source file mux2x4.vhd
    Info (12022): Found design unit 1: mux2x4-Behavioral File: /home/sirivasv/Documents/MCC/MCC-AC/Practica6/mux2x4.vhd Line: 15
    Info (12023): Found entity 1: mux2x4 File: /home/sirivasv/Documents/MCC/MCC-AC/Practica6/mux2x4.vhd Line: 6
Info (12021): Found 2 design units, including 1 entities, in source file register4.vhd
    Info (12022): Found design unit 1: register4-Behavioral File: /home/sirivasv/Documents/MCC/MCC-AC/Practica6/register4.vhd Line: 15
    Info (12023): Found entity 1: register4 File: /home/sirivasv/Documents/MCC/MCC-AC/Practica6/register4.vhd Line: 6
Info (12021): Found 2 design units, including 1 entities, in source file sensa_boton.vhd
    Info (12022): Found design unit 1: sensa_boton-Behavioral File: /home/sirivasv/Documents/MCC/MCC-AC/Practica6/sensa_boton.vhd Line: 14
    Info (12023): Found entity 1: sensa_boton File: /home/sirivasv/Documents/MCC/MCC-AC/Practica6/sensa_boton.vhd Line: 7
Info (12021): Found 2 design units, including 1 entities, in source file register1.vhd
    Info (12022): Found design unit 1: register1-Behavioral File: /home/sirivasv/Documents/MCC/MCC-AC/Practica6/register1.vhd Line: 15
    Info (12023): Found entity 1: register1 File: /home/sirivasv/Documents/MCC/MCC-AC/Practica6/register1.vhd Line: 6
Info (12021): Found 2 design units, including 1 entities, in source file micro68HC11.vhd
    Info (12022): Found design unit 1: micro68HC11-Behavioral File: /home/sirivasv/Documents/MCC/MCC-AC/Practica6/micro68HC11.vhd Line: 26
    Info (12023): Found entity 1: micro68HC11 File: /home/sirivasv/Documents/MCC/MCC-AC/Practica6/micro68HC11.vhd Line: 5
Info (12021): Found 2 design units, including 1 entities, in source file memoria.vhd
    Info (12022): Found design unit 1: memoria-Behavioral File: /home/sirivasv/Documents/MCC/MCC-AC/Practica6/memoria.vhd Line: 19
    Info (12023): Found entity 1: memoria File: /home/sirivasv/Documents/MCC/MCC-AC/Practica6/memoria.vhd Line: 5
Info (12021): Found 2 design units, including 1 entities, in source file mux3x1.vhd
    Info (12022): Found design unit 1: mux3x1-Behavioral File: /home/sirivasv/Documents/MCC/MCC-AC/Practica6/mux3x1.vhd Line: 23
    Info (12023): Found entity 1: mux3x1 File: /home/sirivasv/Documents/MCC/MCC-AC/Practica6/mux3x1.vhd Line: 6
Info (12127): Elaborating entity "Practica6" for the top level hierarchy
Info (12128): Elaborating entity "mux3x1" for hierarchy "mux3x1:inst5"
Warning (10492): VHDL Process Statement warning at mux3x1.vhd(31): signal "Dir_0010_out" is read inside the Process Statement but isn't in the Process Statement's sensitivity list File: /home/sirivasv/Documents/MCC/MCC-AC/Practica6/mux3x1.vhd Line: 31
Warning (10492): VHDL Process Statement warning at mux3x1.vhd(33): signal "Dir_0011_out" is read inside the Process Statement but isn't in the Process Statement's sensitivity list File: /home/sirivasv/Documents/MCC/MCC-AC/Practica6/mux3x1.vhd Line: 33
Warning (10492): VHDL Process Statement warning at mux3x1.vhd(35): signal "Dir_0012_out" is read inside the Process Statement but isn't in the Process Statement's sensitivity list File: /home/sirivasv/Documents/MCC/MCC-AC/Practica6/mux3x1.vhd Line: 35
Warning (10492): VHDL Process Statement warning at mux3x1.vhd(37): signal "e_presente_out" is read inside the Process Statement but isn't in the Process Statement's sensitivity list File: /home/sirivasv/Documents/MCC/MCC-AC/Practica6/mux3x1.vhd Line: 37
Warning (10492): VHDL Process Statement warning at mux3x1.vhd(39): signal "PC_Low_out" is read inside the Process Statement but isn't in the Process Statement's sensitivity list File: /home/sirivasv/Documents/MCC/MCC-AC/Practica6/mux3x1.vhd Line: 39
Warning (10492): VHDL Process Statement warning at mux3x1.vhd(41): signal "X_Low_out" is read inside the Process Statement but isn't in the Process Statement's sensitivity list File: /home/sirivasv/Documents/MCC/MCC-AC/Practica6/mux3x1.vhd Line: 41
Warning (10492): VHDL Process Statement warning at mux3x1.vhd(43): signal "A_out" is read inside the Process Statement but isn't in the Process Statement's sensitivity list File: /home/sirivasv/Documents/MCC/MCC-AC/Practica6/mux3x1.vhd Line: 43
Warning (10492): VHDL Process Statement warning at mux3x1.vhd(45): signal "B_out" is read inside the Process Statement but isn't in the Process Statement's sensitivity list File: /home/sirivasv/Documents/MCC/MCC-AC/Practica6/mux3x1.vhd Line: 45
Warning (10492): VHDL Process Statement warning at mux3x1.vhd(47): signal "Dir_0010_out" is read inside the Process Statement but isn't in the Process Statement's sensitivity list File: /home/sirivasv/Documents/MCC/MCC-AC/Practica6/mux3x1.vhd Line: 47
Info (12128): Elaborating entity "micro68HC11" for hierarchy "micro68HC11:inst"
Warning (10540): VHDL Signal Declaration warning at micro68HC11.vhd(48): used explicit default value for signal "microI" because signal was never assigned a value File: /home/sirivasv/Documents/MCC/MCC-AC/Practica6/micro68HC11.vhd Line: 48
Warning (10540): VHDL Signal Declaration warning at micro68HC11.vhd(49): used explicit default value for signal "microX" because signal was never assigned a value File: /home/sirivasv/Documents/MCC/MCC-AC/Practica6/micro68HC11.vhd Line: 49
Warning (10540): VHDL Signal Declaration warning at micro68HC11.vhd(50): used explicit default value for signal "IntRI" because signal was never assigned a value File: /home/sirivasv/Documents/MCC/MCC-AC/Practica6/micro68HC11.vhd Line: 50
Warning (10540): VHDL Signal Declaration warning at micro68HC11.vhd(51): used explicit default value for signal "IntRX" because signal was never assigned a value File: /home/sirivasv/Documents/MCC/MCC-AC/Practica6/micro68HC11.vhd Line: 51
Warning (10036): Verilog HDL or VHDL warning at micro68HC11.vhd(58): object "indY" assigned a value but never read File: /home/sirivasv/Documents/MCC/MCC-AC/Practica6/micro68HC11.vhd Line: 58
Warning (10492): VHDL Process Statement warning at micro68HC11.vhd(787): signal "nIRQ" is read inside the Process Statement but isn't in the Process Statement's sensitivity list File: /home/sirivasv/Documents/MCC/MCC-AC/Practica6/micro68HC11.vhd Line: 787
Warning (10492): VHDL Process Statement warning at micro68HC11.vhd(794): signal "A" is read inside the Process Statement but isn't in the Process Statement's sensitivity list File: /home/sirivasv/Documents/MCC/MCC-AC/Practica6/micro68HC11.vhd Line: 794
Warning (10492): VHDL Process Statement warning at micro68HC11.vhd(795): signal "B" is read inside the Process Statement but isn't in the Process Statement's sensitivity list File: /home/sirivasv/Documents/MCC/MCC-AC/Practica6/micro68HC11.vhd Line: 795
Warning (10492): VHDL Process Statement warning at micro68HC11.vhd(797): signal "PC" is read inside the Process Statement but isn't in the Process Statement's sensitivity list File: /home/sirivasv/Documents/MCC/MCC-AC/Practica6/micro68HC11.vhd Line: 797
Warning (10492): VHDL Process Statement warning at micro68HC11.vhd(798): signal "XL" is read inside the Process Statement but isn't in the Process Statement's sensitivity list File: /home/sirivasv/Documents/MCC/MCC-AC/Practica6/micro68HC11.vhd Line: 798
Warning (10492): VHDL Process Statement warning at micro68HC11.vhd(799): signal "XH" is read inside the Process Statement but isn't in the Process Statement's sensitivity list File: /home/sirivasv/Documents/MCC/MCC-AC/Practica6/micro68HC11.vhd Line: 799
Warning (10492): VHDL Process Statement warning at micro68HC11.vhd(800): signal "AP" is read inside the Process Statement but isn't in the Process Statement's sensitivity list File: /home/sirivasv/Documents/MCC/MCC-AC/Practica6/micro68HC11.vhd Line: 800
Warning (10492): VHDL Process Statement warning at micro68HC11.vhd(801): signal "estados" is read inside the Process Statement but isn't in the Process Statement's sensitivity list File: /home/sirivasv/Documents/MCC/MCC-AC/Practica6/micro68HC11.vhd Line: 801
Info (12128): Elaborating entity "sensa_boton" for hierarchy "sensa_boton:inst1"
Warning (10492): VHDL Process Statement warning at sensa_boton.vhd(18): signal "clk" is read inside the Process Statement but isn't in the Process Statement's sensitivity list File: /home/sirivasv/Documents/MCC/MCC-AC/Practica6/sensa_boton.vhd Line: 18
Info (12128): Elaborating entity "memoria" for hierarchy "memoria:inst2"
Warning (10492): VHDL Process Statement warning at memoria.vhd(669): signal "Dir_0010" is read inside the Process Statement but isn't in the Process Statement's sensitivity list File: /home/sirivasv/Documents/MCC/MCC-AC/Practica6/memoria.vhd Line: 669
Warning (10492): VHDL Process Statement warning at memoria.vhd(670): signal "Dir_0011" is read inside the Process Statement but isn't in the Process Statement's sensitivity list File: /home/sirivasv/Documents/MCC/MCC-AC/Practica6/memoria.vhd Line: 670
Warning (10492): VHDL Process Statement warning at memoria.vhd(671): signal "Dir_0012" is read inside the Process Statement but isn't in the Process Statement's sensitivity list File: /home/sirivasv/Documents/MCC/MCC-AC/Practica6/memoria.vhd Line: 671
Warning (10631): VHDL Process Statement warning at memoria.vhd(140): inferring latch(es) for signal or variable "Dir_005F", which holds its previous value in one or more paths through the process File: /home/sirivasv/Documents/MCC/MCC-AC/Practica6/memoria.vhd Line: 140
Info (10041): Inferred latch for "Dir_005F[0]" at memoria.vhd(140) File: /home/sirivasv/Documents/MCC/MCC-AC/Practica6/memoria.vhd Line: 140
Info (10041): Inferred latch for "Dir_005F[1]" at memoria.vhd(140) File: /home/sirivasv/Documents/MCC/MCC-AC/Practica6/memoria.vhd Line: 140
Info (10041): Inferred latch for "Dir_005F[2]" at memoria.vhd(140) File: /home/sirivasv/Documents/MCC/MCC-AC/Practica6/memoria.vhd Line: 140
Info (10041): Inferred latch for "Dir_005F[3]" at memoria.vhd(140) File: /home/sirivasv/Documents/MCC/MCC-AC/Practica6/memoria.vhd Line: 140
Info (10041): Inferred latch for "Dir_005F[4]" at memoria.vhd(140) File: /home/sirivasv/Documents/MCC/MCC-AC/Practica6/memoria.vhd Line: 140
Info (10041): Inferred latch for "Dir_005F[5]" at memoria.vhd(140) File: /home/sirivasv/Documents/MCC/MCC-AC/Practica6/memoria.vhd Line: 140
Info (10041): Inferred latch for "Dir_005F[6]" at memoria.vhd(140) File: /home/sirivasv/Documents/MCC/MCC-AC/Practica6/memoria.vhd Line: 140
Info (10041): Inferred latch for "Dir_005F[7]" at memoria.vhd(140) File: /home/sirivasv/Documents/MCC/MCC-AC/Practica6/memoria.vhd Line: 140
Info (278001): Inferred 1 megafunctions from design logic
    Info (278003): Inferred multiplier megafunction ("lpm_mult") from the following logic: "micro68HC11:inst|Mult0" File: /home/sirivasv/intelFPGA_lite/18.1/quartus/libraries/vhdl/synopsys/ieee/syn_arit.vhd Line: 658
Info (12130): Elaborated megafunction instantiation "micro68HC11:inst|lpm_mult:Mult0" File: /home/sirivasv/intelFPGA_lite/18.1/quartus/libraries/vhdl/synopsys/ieee/syn_arit.vhd Line: 658
Info (12133): Instantiated megafunction "micro68HC11:inst|lpm_mult:Mult0" with the following parameter: File: /home/sirivasv/intelFPGA_lite/18.1/quartus/libraries/vhdl/synopsys/ieee/syn_arit.vhd Line: 658
    Info (12134): Parameter "LPM_WIDTHA" = "8"
    Info (12134): Parameter "LPM_WIDTHB" = "8"
    Info (12134): Parameter "LPM_WIDTHP" = "16"
    Info (12134): Parameter "LPM_WIDTHR" = "16"
    Info (12134): Parameter "LPM_WIDTHS" = "1"
    Info (12134): Parameter "LPM_REPRESENTATION" = "UNSIGNED"
    Info (12134): Parameter "INPUT_A_IS_CONSTANT" = "NO"
    Info (12134): Parameter "INPUT_B_IS_CONSTANT" = "NO"
    Info (12134): Parameter "MAXIMIZE_SPEED" = "5"
Info (12021): Found 1 design units, including 1 entities, in source file db/mult_aat.tdf
    Info (12023): Found entity 1: mult_aat File: /home/sirivasv/Documents/MCC/MCC-AC/Practica6/db/mult_aat.tdf Line: 28
Info (13000): Registers with preset signals will power-up high File: /home/sirivasv/Documents/MCC/MCC-AC/Practica6/micro68HC11.vhd Line: 87
Info (13003): DEV_CLRn pin will set, and not reset, register with preset signal due to NOT Gate Push-Back
Warning (13004): Presettable and clearable registers converted to equivalent circuits with latches. Registers power-up to an undefined state, and DEVCLRn places the registers in an undefined state.
    Warning (13310): Register "micro68HC11:inst|IRQ" is converted into an equivalent circuit using register "micro68HC11:inst|IRQ~_emulated" and latch "micro68HC11:inst|IRQ~1" File: /home/sirivasv/Documents/MCC/MCC-AC/Practica6/micro68HC11.vhd Line: 52
Info (286030): Timing-Driven Synthesis is running
Info (16010): Generating hard_block partition "hard_block:auto_generated_inst"
    Info (16011): Adding 0 node(s), including 0 DDIO, 0 PLL, 0 transceiver and 0 LCELL
Warning (21074): Design contains 1 input pin(s) that do not drive logic
    Warning (15610): No output dependent on input pin "INT_X"
Info (21057): Implemented 2083 device resources after synthesis - the final resource count might be different
    Info (21058): Implemented 8 input pins
    Info (21059): Implemented 8 output pins
    Info (21061): Implemented 2066 logic cells
    Info (21062): Implemented 1 DSP elements
Info: Quartus Prime Analysis & Synthesis was successful. 0 errors, 32 warnings
    Info: Peak virtual memory: 1054 megabytes
    Info: Processing ended: Wed Nov  6 10:49:23 2019
    Info: Elapsed time: 00:00:11
    Info: Total CPU time (on all processors): 00:00:23


